[     212ms] [LOG] [Fast Refresh] rebuilding @ http://localhost:3000/_next/static/chunks/a4cba_next_dist_84fa8a39._.js:2297
[     354ms] [LOG] [Fast Refresh] done in 244ms @ http://localhost:3000/_next/static/chunks/a4cba_next_dist_84fa8a39._.js:2297
[    8548ms] [INFO] %cDownload the React DevTools for a better development experience: https://react.dev/link/react-devtools font-weight:bold @ http://localhost:3000/_next/static/chunks/a4cba_next_dist_84fa8a39._.js:2297
[    8704ms] [LOG] [HMR] connected @ http://localhost:3000/_next/static/chunks/a4cba_next_dist_84fa8a39._.js:2297
[   57557ms] [LOG] [Fast Refresh] rebuilding @ http://localhost:3000/_next/static/chunks/a4cba_next_dist_84fa8a39._.js:2297
[   57601ms] [LOG] [Fast Refresh] done in 145ms @ http://localhost:3000/_next/static/chunks/a4cba_next_dist_84fa8a39._.js:2297
[   63389ms] [LOG] [Fast Refresh] rebuilding @ http://localhost:3000/_next/static/chunks/a4cba_next_dist_84fa8a39._.js:2297
[   63473ms] [LOG] [Fast Refresh] done in 184ms @ http://localhost:3000/_next/static/chunks/a4cba_next_dist_84fa8a39._.js:2297
[  291458ms] [LOG] [Fast Refresh] rebuilding @ http://localhost:3000/_next/static/chunks/a4cba_next_dist_84fa8a39._.js:2297
[  293783ms] [LOG] [Fast Refresh] done in 2425ms @ http://localhost:3000/_next/static/chunks/a4cba_next_dist_84fa8a39._.js:2297
[  367304ms] [LOG] [Fast Refresh] rebuilding @ http://localhost:3000/_next/static/chunks/a4cba_next_dist_84fa8a39._.js:2297
[  367320ms] [LOG] [Fast Refresh] done in 116ms @ http://localhost:3000/_next/static/chunks/a4cba_next_dist_84fa8a39._.js:2297
[  373865ms] [LOG] [Fast Refresh] rebuilding @ http://localhost:3000/_next/static/chunks/a4cba_next_dist_84fa8a39._.js:2297
[  374302ms] [LOG] [Fast Refresh] done in 539ms @ http://localhost:3000/_next/static/chunks/a4cba_next_dist_84fa8a39._.js:2297
[  375527ms] [LOG] [Fast Refresh] rebuilding @ http://localhost:3000/_next/static/chunks/a4cba_next_dist_84fa8a39._.js:2297
[  375718ms] [LOG] [Fast Refresh] done in 293ms @ http://localhost:3000/_next/static/chunks/a4cba_next_dist_84fa8a39._.js:2297
[  423893ms] [LOG] [Fast Refresh] rebuilding @ http://localhost:3000/_next/static/chunks/a4cba_next_dist_84fa8a39._.js:2297
[  424911ms] [LOG] [Fast Refresh] done in 941ms @ http://localhost:3000/_next/static/chunks/a4cba_next_dist_84fa8a39._.js:2297
[  440740ms] [LOG] [Fast Refresh] rebuilding @ http://localhost:3000/_next/static/chunks/a4cba_next_dist_84fa8a39._.js:2297
[  443203ms] [LOG] [Fast Refresh] done in 2607ms @ http://localhost:3000/_next/static/chunks/a4cba_next_dist_84fa8a39._.js:2297
[  445496ms] [LOG] [Fast Refresh] rebuilding @ http://localhost:3000/_next/static/chunks/a4cba_next_dist_84fa8a39._.js:2297
[  445886ms] [LOG] [Fast Refresh] done in 492ms @ http://localhost:3000/_next/static/chunks/a4cba_next_dist_84fa8a39._.js:2297
[  501249ms] [LOG] [Fast Refresh] rebuilding @ http://localhost:3000/_next/static/chunks/a4cba_next_dist_84fa8a39._.js:2297
[  501267ms] [LOG] [Fast Refresh] done in 118ms @ http://localhost:3000/_next/static/chunks/a4cba_next_dist_84fa8a39._.js:2297
[  508650ms] [LOG] [Fast Refresh] rebuilding @ http://localhost:3000/_next/static/chunks/a4cba_next_dist_84fa8a39._.js:2297
[  508786ms] [LOG] [Fast Refresh] done in 236ms @ http://localhost:3000/_next/static/chunks/a4cba_next_dist_84fa8a39._.js:2297
[  518638ms] [LOG] [Fast Refresh] rebuilding @ http://localhost:3000/_next/static/chunks/a4cba_next_dist_84fa8a39._.js:2297
[  520691ms] [LOG] [Fast Refresh] done in 2153ms @ http://localhost:3000/_next/static/chunks/a4cba_next_dist_84fa8a39._.js:2297
[  734755ms] [LOG] [Fast Refresh] rebuilding @ http://localhost:3000/_next/static/chunks/a4cba_next_dist_84fa8a39._.js:2297
[  734755ms] [LOG] [Fast Refresh] done in 101ms @ http://localhost:3000/_next/static/chunks/a4cba_next_dist_84fa8a39._.js:2297
[  746621ms] [LOG] [Fast Refresh] rebuilding @ http://localhost:3000/_next/static/chunks/a4cba_next_dist_84fa8a39._.js:2297
[  746820ms] [LOG] [Fast Refresh] done in 300ms @ http://localhost:3000/_next/static/chunks/a4cba_next_dist_84fa8a39._.js:2297
[  826080ms] [LOG] [Fast Refresh] rebuilding @ http://localhost:3000/_next/static/chunks/a4cba_next_dist_84fa8a39._.js:2297
[  829982ms] [LOG] [Fast Refresh] done in 1084ms @ http://localhost:3000/_next/static/chunks/a4cba_next_dist_84fa8a39._.js:2297
[  845511ms] [LOG] [Fast Refresh] rebuilding @ http://localhost:3000/_next/static/chunks/a4cba_next_dist_84fa8a39._.js:2297
[  845631ms] [LOG] [Fast Refresh] done in 332ms @ http://localhost:3000/_next/static/chunks/a4cba_next_dist_84fa8a39._.js:2297
[  845799ms] [LOG] [Fast Refresh] rebuilding @ http://localhost:3000/_next/static/chunks/a4cba_next_dist_84fa8a39._.js:2297
[  846045ms] [LOG] [Fast Refresh] done in 361ms @ http://localhost:3000/_next/static/chunks/a4cba_next_dist_84fa8a39._.js:2297
[  916008ms] [LOG] [Fast Refresh] rebuilding @ http://localhost:3000/_next/static/chunks/a4cba_next_dist_84fa8a39._.js:2297
[  916049ms] [LOG] [Fast Refresh] done in 144ms @ http://localhost:3000/_next/static/chunks/a4cba_next_dist_84fa8a39._.js:2297
[ 1160131ms] [LOG] [Fast Refresh] rebuilding @ http://localhost:3000/_next/static/chunks/a4cba_next_dist_84fa8a39._.js:2297
[ 1161820ms] [LOG] [Fast Refresh] done in 1789ms @ http://localhost:3000/_next/static/chunks/a4cba_next_dist_84fa8a39._.js:2297
[ 1242749ms] [LOG] [Fast Refresh] rebuilding @ http://localhost:3000/_next/static/chunks/a4cba_next_dist_84fa8a39._.js:2297
[ 1259201ms] [LOG] [Fast Refresh] done in 1432ms @ http://localhost:3000/_next/static/chunks/a4cba_next_dist_84fa8a39._.js:2297
[ 1262273ms] [LOG] [Fast Refresh] rebuilding @ http://localhost:3000/_next/static/chunks/a4cba_next_dist_84fa8a39._.js:2297
[ 1263131ms] [LOG] [Fast Refresh] done in 959ms @ http://localhost:3000/_next/static/chunks/a4cba_next_dist_84fa8a39._.js:2297
[ 1279054ms] [LOG] [Fast Refresh] rebuilding @ http://localhost:3000/_next/static/chunks/a4cba_next_dist_84fa8a39._.js:2297
[ 1279085ms] [LOG] [Fast Refresh] done in 133ms @ http://localhost:3000/_next/static/chunks/a4cba_next_dist_84fa8a39._.js:2297
[ 1995668ms] [LOG] [Fast Refresh] done in 57571ms @ http://localhost:3000/_next/static/chunks/a4cba_next_dist_84fa8a39._.js:2297
[ 2003160ms] [LOG] [Fast Refresh] rebuilding @ http://localhost:3000/_next/static/chunks/a4cba_next_dist_84fa8a39._.js:2297
[ 2003212ms] [LOG] [Fast Refresh] done in 152ms @ http://localhost:3000/_next/static/chunks/a4cba_next_dist_84fa8a39._.js:2297
[ 2010164ms] [LOG] [Fast Refresh] rebuilding @ http://localhost:3000/_next/static/chunks/a4cba_next_dist_84fa8a39._.js:2297
[ 2010244ms] [LOG] [Fast Refresh] done in 181ms @ http://localhost:3000/_next/static/chunks/a4cba_next_dist_84fa8a39._.js:2297
[ 2016400ms] [LOG] [Fast Refresh] rebuilding @ http://localhost:3000/_next/static/chunks/a4cba_next_dist_84fa8a39._.js:2297
[ 2026118ms] [LOG] [Fast Refresh] done in 9819ms @ http://localhost:3000/_next/static/chunks/a4cba_next_dist_84fa8a39._.js:2297
[ 2026283ms] [LOG] [Fast Refresh] rebuilding @ http://localhost:3000/_next/static/chunks/a4cba_next_dist_84fa8a39._.js:2297
[ 2027952ms] [LOG] [Fast Refresh] done in 1776ms @ http://localhost:3000/_next/static/chunks/a4cba_next_dist_84fa8a39._.js:2297
[ 2060752ms] [LOG] [Fast Refresh] rebuilding @ http://localhost:3000/_next/static/chunks/a4cba_next_dist_84fa8a39._.js:2297
[ 2063372ms] [LOG] [Fast Refresh] done in 2721ms @ http://localhost:3000/_next/static/chunks/a4cba_next_dist_84fa8a39._.js:2297
[ 2132731ms] [LOG] [Fast Refresh] rebuilding @ http://localhost:3000/_next/static/chunks/a4cba_next_dist_84fa8a39._.js:2297
[ 2136309ms] [LOG] [Fast Refresh] done in 2089ms @ http://localhost:3000/_next/static/chunks/a4cba_next_dist_84fa8a39._.js:2297
[ 2137627ms] [LOG] [Fast Refresh] rebuilding @ http://localhost:3000/_next/static/chunks/a4cba_next_dist_84fa8a39._.js:2297
[ 2165137ms] [LOG] [Fast Refresh] done in 27610ms @ http://localhost:3000/_next/static/chunks/a4cba_next_dist_84fa8a39._.js:2297
[ 2165316ms] [LOG] [Fast Refresh] rebuilding @ http://localhost:3000/_next/static/chunks/a4cba_next_dist_84fa8a39._.js:2297
[ 2177783ms] [LOG] [Fast Refresh] done in 12567ms @ http://localhost:3000/_next/static/chunks/a4cba_next_dist_84fa8a39._.js:2297
[ 2177963ms] [LOG] [Fast Refresh] rebuilding @ http://localhost:3000/_next/static/chunks/a4cba_next_dist_84fa8a39._.js:2297
[ 2178061ms] [LOG] [Fast Refresh] done in 200ms @ http://localhost:3000/_next/static/chunks/a4cba_next_dist_84fa8a39._.js:2297
[ 2178968ms] [LOG] [Fast Refresh] rebuilding @ http://localhost:3000/_next/static/chunks/a4cba_next_dist_84fa8a39._.js:2297
[ 2180839ms] [LOG] [Fast Refresh] done in 1972ms @ http://localhost:3000/_next/static/chunks/a4cba_next_dist_84fa8a39._.js:2297
[ 2180876ms] [ERROR] Failed to load resource: the server responded with a status of 500 (Internal Server Error) @ http://localhost:3000/en?booking-modal=true&_rsc=1fhsx:0
[ 2189060ms] [LOG] [Fast Refresh] rebuilding @ http://localhost:3000/_next/static/chunks/a4cba_next_dist_84fa8a39._.js:2297
[ 2190244ms] [LOG] [Fast Refresh] done in 1285ms @ http://localhost:3000/_next/static/chunks/a4cba_next_dist_84fa8a39._.js:2297
[ 2196217ms] [ERROR] Failed to load resource: the server responded with a status of 404 (Not Found) @ http://localhost:3000/en?booking-modal=true:0
[ 2204776ms] [INFO] %cDownload the React DevTools for a better development experience: https://react.dev/link/react-devtools font-weight:bold @ http://localhost:3000/_next/static/chunks/a4cba_next_dist_84fa8a39._.js:2297
[ 2205218ms] [LOG] [HMR] connected @ http://localhost:3000/_next/static/chunks/a4cba_next_dist_84fa8a39._.js:2297
[ 2205699ms] [LOG] [Fast Refresh] rebuilding @ http://localhost:3000/_next/static/chunks/a4cba_next_dist_84fa8a39._.js:2297
[ 2205858ms] [LOG] [Fast Refresh] done in 261ms @ http://localhost:3000/_next/static/chunks/a4cba_next_dist_84fa8a39._.js:2297
[ 2206001ms] [LOG] [Fast Refresh] rebuilding @ http://localhost:3000/_next/static/chunks/a4cba_next_dist_84fa8a39._.js:2297
[ 2206057ms] [LOG] [Fast Refresh] done in 157ms @ http://localhost:3000/_next/static/chunks/a4cba_next_dist_84fa8a39._.js:2297
[ 2236975ms] [LOG] [Fast Refresh] rebuilding @ http://localhost:3000/_next/static/chunks/a4cba_next_dist_84fa8a39._.js:2297
[ 2237817ms] [LOG] [Fast Refresh] done in 944ms @ http://localhost:3000/_next/static/chunks/a4cba_next_dist_84fa8a39._.js:2297
[ 2258115ms] [LOG] [Fast Refresh] rebuilding @ http://localhost:3000/_next/static/chunks/a4cba_next_dist_84fa8a39._.js:2297
[ 2263230ms] [LOG] [Fast Refresh] done in 5217ms @ http://localhost:3000/_next/static/chunks/a4cba_next_dist_84fa8a39._.js:2297
[ 2311492ms] [LOG] [Fast Refresh] rebuilding @ http://localhost:3000/_next/static/chunks/a4cba_next_dist_84fa8a39._.js:2297
[ 2312351ms] [LOG] [Fast Refresh] done in 960ms @ http://localhost:3000/_next/static/chunks/a4cba_next_dist_84fa8a39._.js:2297
[ 2337670ms] [LOG] [Fast Refresh] rebuilding @ http://localhost:3000/_next/static/chunks/a4cba_next_dist_84fa8a39._.js:2297
[ 2338431ms] [LOG] [Fast Refresh] done in 863ms @ http://localhost:3000/_next/static/chunks/a4cba_next_dist_84fa8a39._.js:2297
[ 2346678ms] [LOG] [Fast Refresh] rebuilding @ http://localhost:3000/_next/static/chunks/a4cba_next_dist_84fa8a39._.js:2297
[ 2347434ms] [LOG] [Fast Refresh] done in 858ms @ http://localhost:3000/_next/static/chunks/a4cba_next_dist_84fa8a39._.js:2297
[ 2348190ms] [LOG] [Fast Refresh] rebuilding @ http://localhost:3000/_next/static/chunks/a4cba_next_dist_84fa8a39._.js:2297
[ 2348538ms] [LOG] [Fast Refresh] done in 449ms @ http://localhost:3000/_next/static/chunks/a4cba_next_dist_84fa8a39._.js:2297
[ 2367602ms] [LOG] [Fast Refresh] rebuilding @ http://localhost:3000/_next/static/chunks/a4cba_next_dist_84fa8a39._.js:2297
[ 2367884ms] [LOG] [Fast Refresh] done in 384ms @ http://localhost:3000/_next/static/chunks/a4cba_next_dist_84fa8a39._.js:2297
[ 2368073ms] [LOG] [Fast Refresh] rebuilding @ http://localhost:3000/_next/static/chunks/a4cba_next_dist_84fa8a39._.js:2297
[ 2368233ms] [LOG] [Fast Refresh] done in 261ms @ http://localhost:3000/_next/static/chunks/a4cba_next_dist_84fa8a39._.js:2297
