[     159ms] [LOG] [Fast Refresh] rebuilding @ http://localhost:3000/_next/static/chunks/a4cba_next_dist_84fa8a39._.js:2297
[     284ms] [LOG] [Fast Refresh] done in 226ms @ http://localhost:3000/_next/static/chunks/a4cba_next_dist_84fa8a39._.js:2297
[    6328ms] [LOG] [Fast Refresh] rebuilding @ http://localhost:3000/_next/static/chunks/a4cba_next_dist_84fa8a39._.js:2297
[    7248ms] [LOG] [Fast Refresh] done in 1020ms @ http://localhost:3000/_next/static/chunks/a4cba_next_dist_84fa8a39._.js:2297
[   14795ms] [INFO] %cDownload the React DevTools for a better development experience: https://react.dev/link/react-devtools font-weight:bold @ http://localhost:3000/_next/static/chunks/a4cba_next_dist_84fa8a39._.js:2297
[   15425ms] [LOG] [HMR] connected @ http://localhost:3000/_next/static/chunks/a4cba_next_dist_84fa8a39._.js:2297
[   32553ms] [LOG] [Fast Refresh] rebuilding @ http://localhost:3000/_next/static/chunks/a4cba_next_dist_84fa8a39._.js:2297
[   32650ms] [LOG] [Fast Refresh] done in 200ms @ http://localhost:3000/_next/static/chunks/a4cba_next_dist_84fa8a39._.js:2297
[   44325ms] [LOG] [Fast Refresh] rebuilding @ http://localhost:3000/_next/static/chunks/a4cba_next_dist_84fa8a39._.js:2297
[   44612ms] [LOG] [Fast Refresh] done in 390ms @ http://localhost:3000/_next/static/chunks/a4cba_next_dist_84fa8a39._.js:2297
[   83130ms] [LOG] [Fast Refresh] rebuilding @ http://localhost:3000/_next/static/chunks/a4cba_next_dist_84fa8a39._.js:2297
[   83283ms] [LOG] [Fast Refresh] done in 254ms @ http://localhost:3000/_next/static/chunks/a4cba_next_dist_84fa8a39._.js:2297
[  158932ms] [LOG] [Fast Refresh] rebuilding @ http://localhost:3000/_next/static/chunks/a4cba_next_dist_84fa8a39._.js:2297
[  159102ms] [LOG] [Fast Refresh] done in 271ms @ http://localhost:3000/_next/static/chunks/a4cba_next_dist_84fa8a39._.js:2297
[ 1143931ms] [LOG] [Fast Refresh] rebuilding @ http://localhost:3000/_next/static/chunks/a4cba_next_dist_84fa8a39._.js:2297
[ 1146505ms] [LOG] [Fast Refresh] done in 1759ms @ http://localhost:3000/_next/static/chunks/a4cba_next_dist_84fa8a39._.js:2297
[ 1148492ms] [LOG] [Fast Refresh] rebuilding @ http://localhost:3000/_next/static/chunks/a4cba_next_dist_84fa8a39._.js:2297
[ 1158666ms] [LOG] [Fast Refresh] done in 10276ms @ http://localhost:3000/_next/static/chunks/a4cba_next_dist_84fa8a39._.js:2297
[ 1161004ms] [LOG] [Fast Refresh] rebuilding @ http://localhost:3000/_next/static/chunks/a4cba_next_dist_84fa8a39._.js:2297
[ 1162506ms] [LOG] [Fast Refresh] done in 1602ms @ http://localhost:3000/_next/static/chunks/a4cba_next_dist_84fa8a39._.js:2297
[ 1171425ms] [LOG] [Fast Refresh] rebuilding @ http://localhost:3000/_next/static/chunks/a4cba_next_dist_84fa8a39._.js:2297
[ 1171446ms] [LOG] [Fast Refresh] done in 121ms @ http://localhost:3000/_next/static/chunks/a4cba_next_dist_84fa8a39._.js:2297
