[     359ms] [LOG] [Fast Refresh] rebuilding @ http://localhost:3000/_next/static/chunks/a4cba_next_dist_84fa8a39._.js:2297
[   16358ms] [LOG] [Fast Refresh] done in 16100ms @ http://localhost:3000/_next/static/chunks/a4cba_next_dist_84fa8a39._.js:2297
[   24078ms] [INFO] %cDownload the React DevTools for a better development experience: https://react.dev/link/react-devtools font-weight:bold @ http://localhost:3000/_next/static/chunks/a4cba_next_dist_84fa8a39._.js:2297
[   24262ms] [LOG] [HMR] connected @ http://localhost:3000/_next/static/chunks/a4cba_next_dist_84fa8a39._.js:2297
[   26041ms] [LOG] [Fast Refresh] rebuilding @ http://localhost:3000/_next/static/chunks/a4cba_next_dist_84fa8a39._.js:2297
[   26044ms] [LOG] [Fast Refresh] done in 265ms @ http://localhost:3000/_next/static/chunks/a4cba_next_dist_84fa8a39._.js:2297
[   72616ms] [LOG] [Fast Refresh] rebuilding @ http://localhost:3000/_next/static/chunks/a4cba_next_dist_84fa8a39._.js:2297
[   72751ms] [LOG] [Fast Refresh] done in 236ms @ http://localhost:3000/_next/static/chunks/a4cba_next_dist_84fa8a39._.js:2297
[   84271ms] [LOG] [Fast Refresh] rebuilding @ http://localhost:3000/_next/static/chunks/a4cba_next_dist_84fa8a39._.js:2297
[   84536ms] [LOG] [Fast Refresh] done in 365ms @ http://localhost:3000/_next/static/chunks/a4cba_next_dist_84fa8a39._.js:2297
[  122367ms] [LOG] [Fast Refresh] rebuilding @ http://localhost:3000/_next/static/chunks/a4cba_next_dist_84fa8a39._.js:2297
[  123818ms] [LOG] [Fast Refresh] done in 814ms @ http://localhost:3000/_next/static/chunks/a4cba_next_dist_84fa8a39._.js:2297
[  124638ms] [LOG] [Fast Refresh] rebuilding @ http://localhost:3000/_next/static/chunks/a4cba_next_dist_84fa8a39._.js:2297
[  136997ms] [LOG] [Fast Refresh] done in 12461ms @ http://localhost:3000/_next/static/chunks/a4cba_next_dist_84fa8a39._.js:2297
[  137433ms] [LOG] [Fast Refresh] rebuilding @ http://localhost:3000/_next/static/chunks/a4cba_next_dist_84fa8a39._.js:2297
[  137810ms] [LOG] [Fast Refresh] done in 479ms @ http://localhost:3000/_next/static/chunks/a4cba_next_dist_84fa8a39._.js:2297
[  137926ms] [LOG] [Fast Refresh] rebuilding @ http://localhost:3000/_next/static/chunks/a4cba_next_dist_84fa8a39._.js:2297
[  138427ms] [ERROR] Failed to load resource: the server responded with a status of 404 (Not Found) @ http://localhost:3000/en?booking-modal=true&_rsc=1fhsx:0
[  138476ms] [LOG] [Fast Refresh] done in 658ms @ http://localhost:3000/_next/static/chunks/a4cba_next_dist_84fa8a39._.js:2297
[  142951ms] [LOG] [Fast Refresh] rebuilding @ http://localhost:3000/_next/static/chunks/a4cba_next_dist_84fa8a39._.js:2297
[  144929ms] [LOG] [Fast Refresh] done in 2080ms @ http://localhost:3000/_next/static/chunks/a4cba_next_dist_84fa8a39._.js:2297
[  152694ms] [ERROR] Failed to load resource: the server responded with a status of 404 (Not Found) @ http://localhost:3000/en?booking-modal=true:0
[  160102ms] [INFO] %cDownload the React DevTools for a better development experience: https://react.dev/link/react-devtools font-weight:bold @ http://localhost:3000/_next/static/chunks/a4cba_next_dist_84fa8a39._.js:2297
[  160713ms] [LOG] [HMR] connected @ http://localhost:3000/_next/static/chunks/a4cba_next_dist_84fa8a39._.js:2297
[  162504ms] [LOG] [Fast Refresh] rebuilding @ http://localhost:3000/_next/static/chunks/a4cba_next_dist_84fa8a39._.js:2297
[  162638ms] [LOG] [Fast Refresh] done in 236ms @ http://localhost:3000/_next/static/chunks/a4cba_next_dist_84fa8a39._.js:2297
[  173814ms] [LOG] [Fast Refresh] rebuilding @ http://localhost:3000/_next/static/chunks/a4cba_next_dist_84fa8a39._.js:2297
[  175095ms] [LOG] [Fast Refresh] done in 809ms @ http://localhost:3000/_next/static/chunks/a4cba_next_dist_84fa8a39._.js:2297
[  178121ms] [ERROR] Failed to load resource: the server responded with a status of 404 (Not Found) @ http://localhost:3000/en?booking-modal=true&_rsc=p90gm:0
