[    9704ms] [LOG] [Fast Refresh] rebuilding @ http://localhost:3000/_next/static/chunks/a4cba_next_dist_84fa8a39._.js:2297
[   12745ms] [LOG] [Fast Refresh] done in 3142ms @ http://localhost:3000/_next/static/chunks/a4cba_next_dist_84fa8a39._.js:2297
[   34073ms] [INFO] %cDownload the React DevTools for a better development experience: https://react.dev/link/react-devtools font-weight:bold @ http://localhost:3000/_next/static/chunks/a4cba_next_dist_84fa8a39._.js:2297
[   37827ms] [LOG] [HMR] connected @ http://localhost:3000/_next/static/chunks/a4cba_next_dist_84fa8a39._.js:2297
[   41851ms] [LOG] [Fast Refresh] rebuilding @ http://localhost:3000/_next/static/chunks/a4cba_next_dist_84fa8a39._.js:2297
[   42866ms] [ERROR] IntlError: MISSING_MESSAGE: Could not resolve `bookingCatalog.categories.childHaircuts` in messages for locale `en`.
    at getFallbackFromErrorAndNotify (http://localhost:3000/_next/static/chunks/_9c9da529._.js:4592:23)
    at translateBaseFn (http://localhost:3000/_next/static/chunks/_9c9da529._.js:4622:28)
    at translateFn (http://localhost:3000/_next/static/chunks/_9c9da529._.js:4650:24)
    at http://localhost:3000/_next/static/chunks/apps_hair-salon_src_c4ba0e28._.js:462:43
    at Array.map (<anonymous>)
    at BookingServices (http://localhost:3000/_next/static/chunks/apps_hair-salon_src_c4ba0e28._.js:455:41)
    at Object.react_stack_bottom_frame (http://localhost:3000/_next/static/chunks/a4cba_next_dist_compiled_react-dom_0ce873af._.js:14826:24)
    at renderWithHooks (http://localhost:3000/_next/static/chunks/a4cba_next_dist_compiled_react-dom_0ce873af._.js:4651:24)
    at updateFunctionComponent (http://localhost:3000/_next/static/chunks/a4cba_next_dist_compiled_react-dom_0ce873af._.js:6112:21)
    at beginWork (http://localhost:3000/_next/static/chunks/a4cba_next_dist_compiled_react-dom_0ce873af._.js:6708:24)
    at runWithFiberInDEV (http://localhost:3000/_next/static/chunks/a4cba_next_dist_compiled_react-dom_0ce873af._.js:965:74)
    at performUnitOfWork (http://localhost:3000/_next/static/chunks/a4cba_next_dist_compiled_react-dom_0ce873af._.js:9562:97)
    at workLoopSync (http://localhost:3000/_next/static/chunks/a4cba_next_dist_compiled_react-dom_0ce873af._.js:9456:40)
    at renderRootSync (http://localhost:3000/_next/static/chunks/a4cba_next_dist_compiled_react-dom_0ce873af._.js:9440:13)
    at performWorkOnRoot (http://localhost:3000/_next/static/chunks/a4cba_next_dist_compiled_react-dom_0ce873af._.js:9068:186)
    at performSyncWorkOnRoot (http://localhost:3000/_next/static/chunks/a4cba_next_dist_compiled_react-dom_0ce873af._.js:10238:9)
    at flushSyncWorkAcrossRoots_impl (http://localhost:3000/_next/static/chunks/a4cba_next_dist_compiled_react-dom_0ce873af._.js:10154:316)
    at flushSpawnedWork (http://localhost:3000/_next/static/chunks/a4cba_next_dist_compiled_react-dom_0ce873af._.js:9914:13)
    at commitRoot (http://localhost:3000/_next/static/chunks/a4cba_next_dist_compiled_react-dom_0ce873af._.js:9720:432)
    at commitRootWhenReady (http://localhost:3000/_next/static/chunks/a4cba_next_dist_compiled_react-dom_0ce873af._.js:9194:9)
    at performWorkOnRoot (http://localhost:3000/_next/static/chunks/a4cba_next_dist_compiled_react-dom_0ce873af._.js:9166:25)
    at performWorkOnRootViaSchedulerTask (http://localhost:3000/_next/static/chunks/a4cba_next_dist_compiled_react-dom_0ce873af._.js:10230:9)
    at MessagePort.performWorkUntilDeadline (http://localhost:3000/_next/static/chunks/a4cba_next_dist_compiled_09d38a68._.js:2647:64) @ http://localhost:3000/_next/static/chunks/a4cba_next_dist_84fa8a39._.js:3127
[   42872ms] [ERROR] IntlError: MISSING_MESSAGE: Could not resolve `bookingCatalog.categories.childStyling` in messages for locale `en`.
    at getFallbackFromErrorAndNotify (http://localhost:3000/_next/static/chunks/_9c9da529._.js:4592:23)
    at translateBaseFn (http://localhost:3000/_next/static/chunks/_9c9da529._.js:4622:28)
    at translateFn (http://localhost:3000/_next/static/chunks/_9c9da529._.js:4650:24)
    at http://localhost:3000/_next/static/chunks/apps_hair-salon_src_c4ba0e28._.js:462:43
    at Array.map (<anonymous>)
    at BookingServices (http://localhost:3000/_next/static/chunks/apps_hair-salon_src_c4ba0e28._.js:455:41)
    at Object.react_stack_bottom_frame (http://localhost:3000/_next/static/chunks/a4cba_next_dist_compiled_react-dom_0ce873af._.js:14826:24)
    at renderWithHooks (http://localhost:3000/_next/static/chunks/a4cba_next_dist_compiled_react-dom_0ce873af._.js:4651:24)
    at updateFunctionComponent (http://localhost:3000/_next/static/chunks/a4cba_next_dist_compiled_react-dom_0ce873af._.js:6112:21)
    at beginWork (http://localhost:3000/_next/static/chunks/a4cba_next_dist_compiled_react-dom_0ce873af._.js:6708:24)
    at runWithFiberInDEV (http://localhost:3000/_next/static/chunks/a4cba_next_dist_compiled_react-dom_0ce873af._.js:965:74)
    at performUnitOfWork (http://localhost:3000/_next/static/chunks/a4cba_next_dist_compiled_react-dom_0ce873af._.js:9562:97)
    at workLoopSync (http://localhost:3000/_next/static/chunks/a4cba_next_dist_compiled_react-dom_0ce873af._.js:9456:40)
    at renderRootSync (http://localhost:3000/_next/static/chunks/a4cba_next_dist_compiled_react-dom_0ce873af._.js:9440:13)
    at performWorkOnRoot (http://localhost:3000/_next/static/chunks/a4cba_next_dist_compiled_react-dom_0ce873af._.js:9068:186)
    at performSyncWorkOnRoot (http://localhost:3000/_next/static/chunks/a4cba_next_dist_compiled_react-dom_0ce873af._.js:10238:9)
    at flushSyncWorkAcrossRoots_impl (http://localhost:3000/_next/static/chunks/a4cba_next_dist_compiled_react-dom_0ce873af._.js:10154:316)
    at flushSpawnedWork (http://localhost:3000/_next/static/chunks/a4cba_next_dist_compiled_react-dom_0ce873af._.js:9914:13)
    at commitRoot (http://localhost:3000/_next/static/chunks/a4cba_next_dist_compiled_react-dom_0ce873af._.js:9720:432)
    at commitRootWhenReady (http://localhost:3000/_next/static/chunks/a4cba_next_dist_compiled_react-dom_0ce873af._.js:9194:9)
    at performWorkOnRoot (http://localhost:3000/_next/static/chunks/a4cba_next_dist_compiled_react-dom_0ce873af._.js:9166:25)
    at performWorkOnRootViaSchedulerTask (http://localhost:3000/_next/static/chunks/a4cba_next_dist_compiled_react-dom_0ce873af._.js:10230:9)
    at MessagePort.performWorkUntilDeadline (http://localhost:3000/_next/static/chunks/a4cba_next_dist_compiled_09d38a68._.js:2647:64) @ http://localhost:3000/_next/static/chunks/a4cba_next_dist_84fa8a39._.js:3127
[   42878ms] [ERROR] IntlError: MISSING_MESSAGE: Could not resolve `bookingCatalog.categories.childHaircuts` in messages for locale `en`.
    at getFallbackFromErrorAndNotify (http://localhost:3000/_next/static/chunks/_9c9da529._.js:4592:23)
    at translateBaseFn (http://localhost:3000/_next/static/chunks/_9c9da529._.js:4622:28)
    at translateFn (http://localhost:3000/_next/static/chunks/_9c9da529._.js:4650:24)
    at http://localhost:3000/_next/static/chunks/apps_hair-salon_src_c4ba0e28._.js:462:43
    at Array.map (<anonymous>)
    at BookingServices (http://localhost:3000/_next/static/chunks/apps_hair-salon_src_c4ba0e28._.js:455:41)
    at Object.react_stack_bottom_frame (http://localhost:3000/_next/static/chunks/a4cba_next_dist_compiled_react-dom_0ce873af._.js:14826:24)
    at renderWithHooksAgain (http://localhost:3000/_next/static/chunks/a4cba_next_dist_compiled_react-dom_0ce873af._.js:4706:24)
    at renderWithHooks (http://localhost:3000/_next/static/chunks/a4cba_next_dist_compiled_react-dom_0ce873af._.js:4657:28)
    at updateFunctionComponent (http://localhost:3000/_next/static/chunks/a4cba_next_dist_compiled_react-dom_0ce873af._.js:6112:21)
    at beginWork (http://localhost:3000/_next/static/chunks/a4cba_next_dist_compiled_react-dom_0ce873af._.js:6708:24)
    at runWithFiberInDEV (http://localhost:3000/_next/static/chunks/a4cba_next_dist_compiled_react-dom_0ce873af._.js:965:74)
    at performUnitOfWork (http://localhost:3000/_next/static/chunks/a4cba_next_dist_compiled_react-dom_0ce873af._.js:9562:97)
    at workLoopSync (http://localhost:3000/_next/static/chunks/a4cba_next_dist_compiled_react-dom_0ce873af._.js:9456:40)
    at renderRootSync (http://localhost:3000/_next/static/chunks/a4cba_next_dist_compiled_react-dom_0ce873af._.js:9440:13)
    at performWorkOnRoot (http://localhost:3000/_next/static/chunks/a4cba_next_dist_compiled_react-dom_0ce873af._.js:9068:186)
    at performSyncWorkOnRoot (http://localhost:3000/_next/static/chunks/a4cba_next_dist_compiled_react-dom_0ce873af._.js:10238:9)
    at flushSyncWorkAcrossRoots_impl (http://localhost:3000/_next/static/chunks/a4cba_next_dist_compiled_react-dom_0ce873af._.js:10154:316)
    at flushSpawnedWork (http://localhost:3000/_next/static/chunks/a4cba_next_dist_compiled_react-dom_0ce873af._.js:9914:13)
    at commitRoot (http://localhost:3000/_next/static/chunks/a4cba_next_dist_compiled_react-dom_0ce873af._.js:9720:432)
    at commitRootWhenReady (http://localhost:3000/_next/static/chunks/a4cba_next_dist_compiled_react-dom_0ce873af._.js:9194:9)
    at performWorkOnRoot (http://localhost:3000/_next/static/chunks/a4cba_next_dist_compiled_react-dom_0ce873af._.js:9166:25)
    at performWorkOnRootViaSchedulerTask (http://localhost:3000/_next/static/chunks/a4cba_next_dist_compiled_react-dom_0ce873af._.js:10230:9)
    at MessagePort.performWorkUntilDeadline (http://localhost:3000/_next/static/chunks/a4cba_next_dist_compiled_09d38a68._.js:2647:64) @ http://localhost:3000/_next/static/chunks/a4cba_next_dist_84fa8a39._.js:3127
[   42881ms] [ERROR] IntlError: MISSING_MESSAGE: Could not resolve `bookingCatalog.categories.childStyling` in messages for locale `en`.
    at getFallbackFromErrorAndNotify (http://localhost:3000/_next/static/chunks/_9c9da529._.js:4592:23)
    at translateBaseFn (http://localhost:3000/_next/static/chunks/_9c9da529._.js:4622:28)
    at translateFn (http://localhost:3000/_next/static/chunks/_9c9da529._.js:4650:24)
    at http://localhost:3000/_next/static/chunks/apps_hair-salon_src_c4ba0e28._.js:462:43
    at Array.map (<anonymous>)
    at BookingServices (http://localhost:3000/_next/static/chunks/apps_hair-salon_src_c4ba0e28._.js:455:41)
    at Object.react_stack_bottom_frame (http://localhost:3000/_next/static/chunks/a4cba_next_dist_compiled_react-dom_0ce873af._.js:14826:24)
    at renderWithHooksAgain (http://localhost:3000/_next/static/chunks/a4cba_next_dist_compiled_react-dom_0ce873af._.js:4706:24)
    at renderWithHooks (http://localhost:3000/_next/static/chunks/a4cba_next_dist_compiled_react-dom_0ce873af._.js:4657:28)
    at updateFunctionComponent (http://localhost:3000/_next/static/chunks/a4cba_next_dist_compiled_react-dom_0ce873af._.js:6112:21)
    at beginWork (http://localhost:3000/_next/static/chunks/a4cba_next_dist_compiled_react-dom_0ce873af._.js:6708:24)
    at runWithFiberInDEV (http://localhost:3000/_next/static/chunks/a4cba_next_dist_compiled_react-dom_0ce873af._.js:965:74)
    at performUnitOfWork (http://localhost:3000/_next/static/chunks/a4cba_next_dist_compiled_react-dom_0ce873af._.js:9562:97)
    at workLoopSync (http://localhost:3000/_next/static/chunks/a4cba_next_dist_compiled_react-dom_0ce873af._.js:9456:40)
    at renderRootSync (http://localhost:3000/_next/static/chunks/a4cba_next_dist_compiled_react-dom_0ce873af._.js:9440:13)
    at performWorkOnRoot (http://localhost:3000/_next/static/chunks/a4cba_next_dist_compiled_react-dom_0ce873af._.js:9068:186)
    at performSyncWorkOnRoot (http://localhost:3000/_next/static/chunks/a4cba_next_dist_compiled_react-dom_0ce873af._.js:10238:9)
    at flushSyncWorkAcrossRoots_impl (http://localhost:3000/_next/static/chunks/a4cba_next_dist_compiled_react-dom_0ce873af._.js:10154:316)
    at flushSpawnedWork (http://localhost:3000/_next/static/chunks/a4cba_next_dist_compiled_react-dom_0ce873af._.js:9914:13)
    at commitRoot (http://localhost:3000/_next/static/chunks/a4cba_next_dist_compiled_react-dom_0ce873af._.js:9720:432)
    at commitRootWhenReady (http://localhost:3000/_next/static/chunks/a4cba_next_dist_compiled_react-dom_0ce873af._.js:9194:9)
    at performWorkOnRoot (http://localhost:3000/_next/static/chunks/a4cba_next_dist_compiled_react-dom_0ce873af._.js:9166:25)
    at performWorkOnRootViaSchedulerTask (http://localhost:3000/_next/static/chunks/a4cba_next_dist_compiled_react-dom_0ce873af._.js:10230:9)
    at MessagePort.performWorkUntilDeadline (http://localhost:3000/_next/static/chunks/a4cba_next_dist_compiled_09d38a68._.js:2647:64) @ http://localhost:3000/_next/static/chunks/a4cba_next_dist_84fa8a39._.js:3127
[   43494ms] [LOG] [Fast Refresh] done in 1772ms @ http://localhost:3000/_next/static/chunks/a4cba_next_dist_84fa8a39._.js:2297
[   44134ms] [LOG] [Fast Refresh] rebuilding @ http://localhost:3000/_next/static/chunks/a4cba_next_dist_84fa8a39._.js:2297
[   44384ms] [LOG] [Fast Refresh] done in 454ms @ http://localhost:3000/_next/static/chunks/a4cba_next_dist_84fa8a39._.js:2297
[  180465ms] [LOG] [Fast Refresh] rebuilding @ http://localhost:3000/_next/static/chunks/a4cba_next_dist_84fa8a39._.js:2297
[  181154ms] [LOG] [Fast Refresh] done in 791ms @ http://localhost:3000/_next/static/chunks/a4cba_next_dist_84fa8a39._.js:2297
[  184486ms] [LOG] [Fast Refresh] rebuilding @ http://localhost:3000/_next/static/chunks/a4cba_next_dist_84fa8a39._.js:2297
[  186819ms] [LOG] [Fast Refresh] done in 1940ms @ http://localhost:3000/_next/static/chunks/a4cba_next_dist_84fa8a39._.js:2297
[  187518ms] [LOG] [Fast Refresh] rebuilding @ http://localhost:3000/_next/static/chunks/a4cba_next_dist_84fa8a39._.js:2297
[  187686ms] [LOG] [Fast Refresh] done in 269ms @ http://localhost:3000/_next/static/chunks/a4cba_next_dist_84fa8a39._.js:2297
